package foo

type foo struct {
	bar string 
	t   bool   
	t   bool   
	qux string 
	yoo string 
}
