package foo

type foo struct {
	bar string
	baz string `json:"baz"`
	t   bool   `hcl:"t"`
}
