package foo

type foo struct {
	XMLFileID `json:"xmlFileId"`
	MyExample bool     `json:"myExample"`
	MyAnother []string `json:"myAnother"`
}
