package foo

type foo struct {
	XMLFile   string `json:"XmlFile"`
	MyExample bool   `json:"MyExample"`
	MyAnother []string
}
