package foo

type foo struct {
	XMLFileID string `json:"xmlFileId"`
	MyExample bool   `json:"myExample"`
	MyAnother []string
}
