package foo

type foo struct {
	XMLFile   `json:"XmlFile"`
	MyExample bool     `json:"MyExample"`
	MyAnother []string `json:"MyAnother"`
}
