package foo

type foo struct {
	bar       string `conf:"env:FOO_BAR"`
	MyExample bool   `conf:"env:FOO_MY_EXAMPLE"`
	MyAnother []string
}
