package foo

type foo struct {
	bar string `json:"MyBar:bar:foo=qux"`
	baz string `json:"baz"`
}
