package foo

type foo struct {
	bar string `json:"MyBar:bar"`
	baz string `json:"baz"`
}
