package foo

type foo struct {
	XMLFileID `json:"XML_FILE_ID"`
	MyExample bool     `json:"MY_EXAMPLE"`
	MyAnother []string `json:"MY_ANOTHER"`
}
