package foo

type foo struct {
	bar string `json:"MyBar=bar=foo"`
	baz string `json:"baz"`
}
