package foo

type foo struct {
	XMLFileID string `json:"XML_FILE_ID"`
	MyExample bool   `json:"MY_EXAMPLE"`
	MyAnother []string
}
