package foo

type foo struct {
	bar       `json:"Bar"`
	MyExample bool     `json:"My Example"`
	MyAnother []string `json:"My Another"`
}
