package foo

type foo struct {
	Bar string `json:"bar"`
	t   bool
}
